// Jest Snapshot v1, https://goo.gl/fbAQLP

exports[`Pruebas para el componente >GifGridItem debe mostrar el wrapper 1`] = `
<div
  className="card animate__animated animate__fadeIn"
>
  <img
    alt="titulo"
    src="https://localhost/algo.jpg"
  />
  <p>
    titulo
  </p>
</div>
`;
